<area shape="rect" title="Implementation for the gesture recogniser class." alt="" coords="127,80,185,107">
<area shape="rect" title="Implementation for the gesture recogniser class." alt="" coords="5,155,72,181">
<area shape="rect" href="$de/d07/_gesture_recogniser_8h.html" title="Implementation for the gesture recogniser class." alt="" coords="260,80,407,107">
<area shape="rect" href="$de/d20/_a_g_r_version_8h.html" title="Implementation for the gesture recogniser class." alt="" coords="431,80,540,107">
<area shape="rect" href="$d0/d61/_movement_8h.html" title="Declaration for the Gesture Recogniser class." alt="" coords="96,155,192,181">
<area shape="rect" href="$db/dc7/_clustering_8h.html" title="Declaration for the Gesture Recogniser class." alt="" coords="216,155,309,181">
<area shape="rect" href="$d5/d50/_kmeans_clustering_8h.html" title="Declaration for the Gesture Recogniser class." alt="" coords="333,155,475,181">
<area shape="rect" href="$d0/d91/_vocabulary_8h.html" title="Declaration for the Gesture Recogniser class." alt="" coords="499,155,597,181">
<area shape="rect" href="$d5/d75/_h_m_m_8h.html" title="Declaration for the Gesture Recogniser class." alt="" coords="621,155,685,181">
<area shape="rect" href="$d1/d7f/_movement_recogniser_8h.html" title="Declaration for the Gesture Recogniser class." alt="" coords="709,155,872,181">
